// Jest Snapshot v1, https://goo.gl/fbAQLP

exports[`Level test cases Level renders correctly 1`] = `
<DocumentFragment>
  .emotion-0 {
  margin: 0;
  height: 100%;
  border-radius: 0;
  border: 0.15vw solid;
  border-color: white #9e9e9e #9e9e9e white;
  background-color: #d1d1d1;
}

.emotion-1 {
  font-weight: normal;
  display: block;
  white-space: nowrap;
  min-height: 1.2em;
  padding: 0 0.2vw 0.2vw;
}

<select
    class="emotion-0"
  >
    <option
      class="emotion-1"
      value="beginner"
    >
      beginner
    </option>
    <option
      class="emotion-1"
      value="intermediate"
    >
      intermediate
    </option>
    <option
      class="emotion-1"
      value="expert"
    >
      expert
    </option>
  </select>
</DocumentFragment>
`;
